docker : /usr/local/lib/python3.12/site-packages/pytest_asyncio/plugin.py:208: PytestDeprecationWarning: The configurat
ion option "asyncio_default_fixture_loop_scope" is unset.
At line:1 char:141
+ ... ct -Last 1; docker compose exec -T -e DJANGO_SETTINGS_MODULE=work_man ...
+                 ~~~~~~~~~~~~~~~~~~~~~~~~~~~~~~~~~~~~~~~~~~~~~~~~~~~~~~~~~
    + CategoryInfo          : NotSpecified: (/usr/local/lib/...cope" is unset.:String) [], RemoteException
    + FullyQualifiedErrorId : NativeCommandError
 
The event loop scope for asynchronous fixtures will default to the fixture caching scope. Future versions of pytest-asy
ncio will default the loop scope for asynchronous fixtures to function scope. Set the default fixture loop scope explic
itly in order to avoid unexpected behavior in the future. Valid fixture loop scopes are: "function", "class", "module",
 "package", "session"

  warnings.warn(PytestDeprecationWarning(_DEFAULT_FIXTURE_LOOP_SCOPE_UNSET))
........................................................................ [ 51%]
............................................................EFEFEFE.E... [ 98%]
..                                                                       [100%]
=============================== warnings summary ===============================
tests/test_core_patterns.py::test_specification_and_or_not
  /app:0: PytestWarning: Error when trying to teardown test databases: ProgrammingError('database "test_work_manager" does not exist')

-- Docs: https://docs.pytest.org/en/stable/how-to/capture-warnings.html
=========================== short test summary info ============================
ERROR tests/test_outbox.py::test_provider_failure_increments_attempts_and_schedules_backoff
ERROR tests/test_outbox.py::test_reaches_max_attempts_marks_dead_and_sets_log_failed_at
ERROR tests/test_outbox.py::test_dispatch_due_only_processes_rows_past_their_schedule
ERROR tests/test_outbox.py::test_concurrent_process_one_calls_do_not_double_send
ERROR tests/test_outbox.py::test_backoff_clamps_to_last_value_for_high_attempt_counts
FAILED tests/test_outbox.py::test_reaches_max_attempts_marks_dead_and_sets_log_failed_at
FAILED tests/test_outbox.py::test_dispatch_due_only_processes_rows_past_their_schedule
FAILED tests/test_outbox.py::test_concurrent_process_one_calls_do_not_double_send
3 failed, 138 passed, 1 warning, 5 errors in 16.06s
